delivered/interactive/default/model="": --name perky-same-chevy --append-system-prompt-file <HOME>/abc123.sysprompt.md --mcp-config <HOME>/.mcp.json --settings <HOME>/settings.json -- reply with PROMPTOK
delivered/interactive/default/model="claude-opus-5": --model claude-opus-5 --name perky-same-chevy --append-system-prompt-file <HOME>/abc123.sysprompt.md --mcp-config <HOME>/.mcp.json --settings <HOME>/settings.json -- reply with PROMPTOK
delivered/interactive/plan/model="": --permission-mode plan --disallowedTools Bash,Edit,Write,NotebookEdit --name perky-same-chevy --append-system-prompt-file <HOME>/abc123.sysprompt.md --mcp-config <HOME>/.mcp.json --settings <HOME>/settings.json -- reply with PROMPTOK
delivered/interactive/plan/model="claude-opus-5": --permission-mode plan --disallowedTools Bash,Edit,Write,NotebookEdit --model claude-opus-5 --name perky-same-chevy --append-system-prompt-file <HOME>/abc123.sysprompt.md --mcp-config <HOME>/.mcp.json --settings <HOME>/settings.json -- reply with PROMPTOK
delivered/interactive/bypass/model="": --dangerously-skip-permissions --name perky-same-chevy --append-system-prompt-file <HOME>/abc123.sysprompt.md --mcp-config <HOME>/.mcp.json --settings <HOME>/settings.json -- reply with PROMPTOK
delivered/interactive/bypass/model="claude-opus-5": --dangerously-skip-permissions --model claude-opus-5 --name perky-same-chevy --append-system-prompt-file <HOME>/abc123.sysprompt.md --mcp-config <HOME>/.mcp.json --settings <HOME>/settings.json -- reply with PROMPTOK
delivered/interactive/acceptEdits/model="": --permission-mode acceptEdits --name perky-same-chevy --append-system-prompt-file <HOME>/abc123.sysprompt.md --mcp-config <HOME>/.mcp.json --settings <HOME>/settings.json -- reply with PROMPTOK
delivered/interactive/acceptEdits/model="claude-opus-5": --permission-mode acceptEdits --model claude-opus-5 --name perky-same-chevy --append-system-prompt-file <HOME>/abc123.sysprompt.md --mcp-config <HOME>/.mcp.json --settings <HOME>/settings.json -- reply with PROMPTOK
delivered/interactive/dontAsk/model="": --permission-mode dontAsk --name perky-same-chevy --append-system-prompt-file <HOME>/abc123.sysprompt.md --mcp-config <HOME>/.mcp.json --settings <HOME>/settings.json -- reply with PROMPTOK
delivered/interactive/dontAsk/model="claude-opus-5": --permission-mode dontAsk --model claude-opus-5 --name perky-same-chevy --append-system-prompt-file <HOME>/abc123.sysprompt.md --mcp-config <HOME>/.mcp.json --settings <HOME>/settings.json -- reply with PROMPTOK
delivered/interactive/auto/model="": --permission-mode auto --name perky-same-chevy --append-system-prompt-file <HOME>/abc123.sysprompt.md --mcp-config <HOME>/.mcp.json --settings <HOME>/settings.json -- reply with PROMPTOK
delivered/interactive/auto/model="claude-opus-5": --permission-mode auto --model claude-opus-5 --name perky-same-chevy --append-system-prompt-file <HOME>/abc123.sysprompt.md --mcp-config <HOME>/.mcp.json --settings <HOME>/settings.json -- reply with PROMPTOK
delivered/structured/default/model="": --permission-prompts none --print --append-system-prompt-file <HOME>/abc123.sysprompt.md --mcp-config <HOME>/.mcp.json --settings <HOME>/settings.json
delivered/structured/default/model="claude-opus-5": --permission-prompts none --model claude-opus-5 --print --append-system-prompt-file <HOME>/abc123.sysprompt.md --mcp-config <HOME>/.mcp.json --settings <HOME>/settings.json
delivered/structured/plan/model="": --permission-mode plan --disallowedTools Bash,Edit,Write,NotebookEdit --permission-prompts none --print --append-system-prompt-file <HOME>/abc123.sysprompt.md --mcp-config <HOME>/.mcp.json --settings <HOME>/settings.json
delivered/structured/plan/model="claude-opus-5": --permission-mode plan --disallowedTools Bash,Edit,Write,NotebookEdit --permission-prompts none --model claude-opus-5 --print --append-system-prompt-file <HOME>/abc123.sysprompt.md --mcp-config <HOME>/.mcp.json --settings <HOME>/settings.json
delivered/structured/bypass/model="": --dangerously-skip-permissions --permission-prompts none --print --append-system-prompt-file <HOME>/abc123.sysprompt.md --mcp-config <HOME>/.mcp.json --settings <HOME>/settings.json
delivered/structured/bypass/model="claude-opus-5": --dangerously-skip-permissions --permission-prompts none --model claude-opus-5 --print --append-system-prompt-file <HOME>/abc123.sysprompt.md --mcp-config <HOME>/.mcp.json --settings <HOME>/settings.json
delivered/structured/acceptEdits/model="": --permission-mode acceptEdits --permission-prompts none --print --append-system-prompt-file <HOME>/abc123.sysprompt.md --mcp-config <HOME>/.mcp.json --settings <HOME>/settings.json
delivered/structured/acceptEdits/model="claude-opus-5": --permission-mode acceptEdits --permission-prompts none --model claude-opus-5 --print --append-system-prompt-file <HOME>/abc123.sysprompt.md --mcp-config <HOME>/.mcp.json --settings <HOME>/settings.json
delivered/structured/dontAsk/model="": --permission-mode dontAsk --permission-prompts none --print --append-system-prompt-file <HOME>/abc123.sysprompt.md --mcp-config <HOME>/.mcp.json --settings <HOME>/settings.json
delivered/structured/dontAsk/model="claude-opus-5": --permission-mode dontAsk --permission-prompts none --model claude-opus-5 --print --append-system-prompt-file <HOME>/abc123.sysprompt.md --mcp-config <HOME>/.mcp.json --settings <HOME>/settings.json
delivered/structured/auto/model="": --permission-mode auto --permission-prompts none --print --append-system-prompt-file <HOME>/abc123.sysprompt.md --mcp-config <HOME>/.mcp.json --settings <HOME>/settings.json
delivered/structured/auto/model="claude-opus-5": --permission-mode auto --permission-prompts none --model claude-opus-5 --print --append-system-prompt-file <HOME>/abc123.sysprompt.md --mcp-config <HOME>/.mcp.json --settings <HOME>/settings.json
mcp-only/interactive/default/model="": --name perky-same-chevy --mcp-config <HOME>/.mcp.json -- reply with PROMPTOK
mcp-only/interactive/default/model="claude-opus-5": --model claude-opus-5 --name perky-same-chevy --mcp-config <HOME>/.mcp.json -- reply with PROMPTOK
mcp-only/interactive/plan/model="": --permission-mode plan --disallowedTools Bash,Edit,Write,NotebookEdit --name perky-same-chevy --mcp-config <HOME>/.mcp.json -- reply with PROMPTOK
mcp-only/interactive/plan/model="claude-opus-5": --permission-mode plan --disallowedTools Bash,Edit,Write,NotebookEdit --model claude-opus-5 --name perky-same-chevy --mcp-config <HOME>/.mcp.json -- reply with PROMPTOK
mcp-only/interactive/bypass/model="": --dangerously-skip-permissions --name perky-same-chevy --mcp-config <HOME>/.mcp.json -- reply with PROMPTOK
mcp-only/interactive/bypass/model="claude-opus-5": --dangerously-skip-permissions --model claude-opus-5 --name perky-same-chevy --mcp-config <HOME>/.mcp.json -- reply with PROMPTOK
mcp-only/interactive/acceptEdits/model="": --permission-mode acceptEdits --name perky-same-chevy --mcp-config <HOME>/.mcp.json -- reply with PROMPTOK
mcp-only/interactive/acceptEdits/model="claude-opus-5": --permission-mode acceptEdits --model claude-opus-5 --name perky-same-chevy --mcp-config <HOME>/.mcp.json -- reply with PROMPTOK
mcp-only/interactive/dontAsk/model="": --permission-mode dontAsk --name perky-same-chevy --mcp-config <HOME>/.mcp.json -- reply with PROMPTOK
mcp-only/interactive/dontAsk/model="claude-opus-5": --permission-mode dontAsk --model claude-opus-5 --name perky-same-chevy --mcp-config <HOME>/.mcp.json -- reply with PROMPTOK
mcp-only/interactive/auto/model="": --permission-mode auto --name perky-same-chevy --mcp-config <HOME>/.mcp.json -- reply with PROMPTOK
mcp-only/interactive/auto/model="claude-opus-5": --permission-mode auto --model claude-opus-5 --name perky-same-chevy --mcp-config <HOME>/.mcp.json -- reply with PROMPTOK
mcp-only/structured/default/model="": --permission-prompts none --print --mcp-config <HOME>/.mcp.json
mcp-only/structured/default/model="claude-opus-5": --permission-prompts none --model claude-opus-5 --print --mcp-config <HOME>/.mcp.json
mcp-only/structured/plan/model="": --permission-mode plan --disallowedTools Bash,Edit,Write,NotebookEdit --permission-prompts none --print --mcp-config <HOME>/.mcp.json
mcp-only/structured/plan/model="claude-opus-5": --permission-mode plan --disallowedTools Bash,Edit,Write,NotebookEdit --permission-prompts none --model claude-opus-5 --print --mcp-config <HOME>/.mcp.json
mcp-only/structured/bypass/model="": --dangerously-skip-permissions --permission-prompts none --print --mcp-config <HOME>/.mcp.json
mcp-only/structured/bypass/model="claude-opus-5": --dangerously-skip-permissions --permission-prompts none --model claude-opus-5 --print --mcp-config <HOME>/.mcp.json
mcp-only/structured/acceptEdits/model="": --permission-mode acceptEdits --permission-prompts none --print --mcp-config <HOME>/.mcp.json
mcp-only/structured/acceptEdits/model="claude-opus-5": --permission-mode acceptEdits --permission-prompts none --model claude-opus-5 --print --mcp-config <HOME>/.mcp.json
mcp-only/structured/dontAsk/model="": --permission-mode dontAsk --permission-prompts none --print --mcp-config <HOME>/.mcp.json
mcp-only/structured/dontAsk/model="claude-opus-5": --permission-mode dontAsk --permission-prompts none --model claude-opus-5 --print --mcp-config <HOME>/.mcp.json
mcp-only/structured/auto/model="": --permission-mode auto --permission-prompts none --print --mcp-config <HOME>/.mcp.json
mcp-only/structured/auto/model="claude-opus-5": --permission-mode auto --permission-prompts none --model claude-opus-5 --print --mcp-config <HOME>/.mcp.json
bare/interactive/default/model="": --name perky-same-chevy -- reply with PROMPTOK
bare/interactive/default/model="claude-opus-5": --model claude-opus-5 --name perky-same-chevy -- reply with PROMPTOK
bare/interactive/plan/model="": --permission-mode plan --disallowedTools Bash,Edit,Write,NotebookEdit --name perky-same-chevy -- reply with PROMPTOK
bare/interactive/plan/model="claude-opus-5": --permission-mode plan --disallowedTools Bash,Edit,Write,NotebookEdit --model claude-opus-5 --name perky-same-chevy -- reply with PROMPTOK
bare/interactive/bypass/model="": --dangerously-skip-permissions --name perky-same-chevy -- reply with PROMPTOK
bare/interactive/bypass/model="claude-opus-5": --dangerously-skip-permissions --model claude-opus-5 --name perky-same-chevy -- reply with PROMPTOK
bare/interactive/acceptEdits/model="": --permission-mode acceptEdits --name perky-same-chevy -- reply with PROMPTOK
bare/interactive/acceptEdits/model="claude-opus-5": --permission-mode acceptEdits --model claude-opus-5 --name perky-same-chevy -- reply with PROMPTOK
bare/interactive/dontAsk/model="": --permission-mode dontAsk --name perky-same-chevy -- reply with PROMPTOK
bare/interactive/dontAsk/model="claude-opus-5": --permission-mode dontAsk --model claude-opus-5 --name perky-same-chevy -- reply with PROMPTOK
bare/interactive/auto/model="": --permission-mode auto --name perky-same-chevy -- reply with PROMPTOK
bare/interactive/auto/model="claude-opus-5": --permission-mode auto --model claude-opus-5 --name perky-same-chevy -- reply with PROMPTOK
bare/structured/default/model="": --permission-prompts none --print
bare/structured/default/model="claude-opus-5": --permission-prompts none --model claude-opus-5 --print
bare/structured/plan/model="": --permission-mode plan --disallowedTools Bash,Edit,Write,NotebookEdit --permission-prompts none --print
bare/structured/plan/model="claude-opus-5": --permission-mode plan --disallowedTools Bash,Edit,Write,NotebookEdit --permission-prompts none --model claude-opus-5 --print
bare/structured/bypass/model="": --dangerously-skip-permissions --permission-prompts none --print
bare/structured/bypass/model="claude-opus-5": --dangerously-skip-permissions --permission-prompts none --model claude-opus-5 --print
bare/structured/acceptEdits/model="": --permission-mode acceptEdits --permission-prompts none --print
bare/structured/acceptEdits/model="claude-opus-5": --permission-mode acceptEdits --permission-prompts none --model claude-opus-5 --print
bare/structured/dontAsk/model="": --permission-mode dontAsk --permission-prompts none --print
bare/structured/dontAsk/model="claude-opus-5": --permission-mode dontAsk --permission-prompts none --model claude-opus-5 --print
bare/structured/auto/model="": --permission-mode auto --permission-prompts none --print
bare/structured/auto/model="claude-opus-5": --permission-mode auto --permission-prompts none --model claude-opus-5 --print
