shared/interactive/default/model="": --name perky-same-chevy --append-system-prompt-file <HOME>/e0d94304a8677733.sysprompt.md --mcp-config <HOME>/.mcp.json --settings <EPHEM>/.claude/settings.json -- reply with PROMPTOK
shared/interactive/default/model="claude-opus-5": --model claude-opus-5 --name perky-same-chevy --append-system-prompt-file <HOME>/e0d94304a8677733.sysprompt.md --mcp-config <HOME>/.mcp.json --settings <EPHEM>/.claude/settings.json -- reply with PROMPTOK
shared/interactive/plan/model="": --permission-mode plan --disallowedTools Bash,Edit,Write,NotebookEdit --allowedTools mcp__probe --name perky-same-chevy --append-system-prompt-file <HOME>/e0d94304a8677733.sysprompt.md --mcp-config <HOME>/.mcp.json --settings <EPHEM>/.claude/settings.json -- reply with PROMPTOK
shared/interactive/plan/model="claude-opus-5": --permission-mode plan --disallowedTools Bash,Edit,Write,NotebookEdit --allowedTools mcp__probe --model claude-opus-5 --name perky-same-chevy --append-system-prompt-file <HOME>/e0d94304a8677733.sysprompt.md --mcp-config <HOME>/.mcp.json --settings <EPHEM>/.claude/settings.json -- reply with PROMPTOK
shared/interactive/bypass/model="": --dangerously-skip-permissions --name perky-same-chevy --append-system-prompt-file <HOME>/e0d94304a8677733.sysprompt.md --mcp-config <HOME>/.mcp.json --settings <EPHEM>/.claude/settings.json -- reply with PROMPTOK
shared/interactive/bypass/model="claude-opus-5": --dangerously-skip-permissions --model claude-opus-5 --name perky-same-chevy --append-system-prompt-file <HOME>/e0d94304a8677733.sysprompt.md --mcp-config <HOME>/.mcp.json --settings <EPHEM>/.claude/settings.json -- reply with PROMPTOK
shared/interactive/acceptEdits/model="": --permission-mode acceptEdits --name perky-same-chevy --append-system-prompt-file <HOME>/e0d94304a8677733.sysprompt.md --mcp-config <HOME>/.mcp.json --settings <EPHEM>/.claude/settings.json -- reply with PROMPTOK
shared/interactive/acceptEdits/model="claude-opus-5": --permission-mode acceptEdits --model claude-opus-5 --name perky-same-chevy --append-system-prompt-file <HOME>/e0d94304a8677733.sysprompt.md --mcp-config <HOME>/.mcp.json --settings <EPHEM>/.claude/settings.json -- reply with PROMPTOK
shared/structured/default/model="": --print --append-system-prompt-file <HOME>/e0d94304a8677733.sysprompt.md --mcp-config <HOME>/.mcp.json --settings <EPHEM>/.claude/settings.json
shared/structured/default/model="claude-opus-5": --model claude-opus-5 --print --append-system-prompt-file <HOME>/e0d94304a8677733.sysprompt.md --mcp-config <HOME>/.mcp.json --settings <EPHEM>/.claude/settings.json
shared/structured/plan/model="": --permission-mode plan --disallowedTools Bash,Edit,Write,NotebookEdit --allowedTools mcp__probe --print --append-system-prompt-file <HOME>/e0d94304a8677733.sysprompt.md --mcp-config <HOME>/.mcp.json --settings <EPHEM>/.claude/settings.json
shared/structured/plan/model="claude-opus-5": --permission-mode plan --disallowedTools Bash,Edit,Write,NotebookEdit --allowedTools mcp__probe --model claude-opus-5 --print --append-system-prompt-file <HOME>/e0d94304a8677733.sysprompt.md --mcp-config <HOME>/.mcp.json --settings <EPHEM>/.claude/settings.json
shared/structured/bypass/model="": --dangerously-skip-permissions --print --append-system-prompt-file <HOME>/e0d94304a8677733.sysprompt.md --mcp-config <HOME>/.mcp.json --settings <EPHEM>/.claude/settings.json
shared/structured/bypass/model="claude-opus-5": --dangerously-skip-permissions --model claude-opus-5 --print --append-system-prompt-file <HOME>/e0d94304a8677733.sysprompt.md --mcp-config <HOME>/.mcp.json --settings <EPHEM>/.claude/settings.json
shared/structured/acceptEdits/model="": --permission-mode acceptEdits --print --append-system-prompt-file <HOME>/e0d94304a8677733.sysprompt.md --mcp-config <HOME>/.mcp.json --settings <EPHEM>/.claude/settings.json
shared/structured/acceptEdits/model="claude-opus-5": --permission-mode acceptEdits --model claude-opus-5 --print --append-system-prompt-file <HOME>/e0d94304a8677733.sysprompt.md --mcp-config <HOME>/.mcp.json --settings <EPHEM>/.claude/settings.json
isolated/interactive/default/model="": --name perky-same-chevy --mcp-config <HOME>/.mcp.json -- reply with PROMPTOK
isolated/interactive/default/model="claude-opus-5": --model claude-opus-5 --name perky-same-chevy --mcp-config <HOME>/.mcp.json -- reply with PROMPTOK
isolated/interactive/plan/model="": --permission-mode plan --disallowedTools Bash,Edit,Write,NotebookEdit --allowedTools mcp__probe --name perky-same-chevy --mcp-config <HOME>/.mcp.json -- reply with PROMPTOK
isolated/interactive/plan/model="claude-opus-5": --permission-mode plan --disallowedTools Bash,Edit,Write,NotebookEdit --allowedTools mcp__probe --model claude-opus-5 --name perky-same-chevy --mcp-config <HOME>/.mcp.json -- reply with PROMPTOK
isolated/interactive/bypass/model="": --dangerously-skip-permissions --name perky-same-chevy --mcp-config <HOME>/.mcp.json -- reply with PROMPTOK
isolated/interactive/bypass/model="claude-opus-5": --dangerously-skip-permissions --model claude-opus-5 --name perky-same-chevy --mcp-config <HOME>/.mcp.json -- reply with PROMPTOK
isolated/interactive/acceptEdits/model="": --permission-mode acceptEdits --name perky-same-chevy --mcp-config <HOME>/.mcp.json -- reply with PROMPTOK
isolated/interactive/acceptEdits/model="claude-opus-5": --permission-mode acceptEdits --model claude-opus-5 --name perky-same-chevy --mcp-config <HOME>/.mcp.json -- reply with PROMPTOK
isolated/structured/default/model="": --print --mcp-config <HOME>/.mcp.json
isolated/structured/default/model="claude-opus-5": --model claude-opus-5 --print --mcp-config <HOME>/.mcp.json
isolated/structured/plan/model="": --permission-mode plan --disallowedTools Bash,Edit,Write,NotebookEdit --allowedTools mcp__probe --print --mcp-config <HOME>/.mcp.json
isolated/structured/plan/model="claude-opus-5": --permission-mode plan --disallowedTools Bash,Edit,Write,NotebookEdit --allowedTools mcp__probe --model claude-opus-5 --print --mcp-config <HOME>/.mcp.json
isolated/structured/bypass/model="": --dangerously-skip-permissions --print --mcp-config <HOME>/.mcp.json
isolated/structured/bypass/model="claude-opus-5": --dangerously-skip-permissions --model claude-opus-5 --print --mcp-config <HOME>/.mcp.json
isolated/structured/acceptEdits/model="": --permission-mode acceptEdits --print --mcp-config <HOME>/.mcp.json
isolated/structured/acceptEdits/model="claude-opus-5": --permission-mode acceptEdits --model claude-opus-5 --print --mcp-config <HOME>/.mcp.json
minimal/interactive/default/model="": --name perky-same-chevy --output-format json --tools  --disable-slash-commands --no-session-persistence --strict-mcp-config --system-prompt  --settings {"cleanupPeriodDays":0,"enableAllProjectMcpServers":false,"enabledMcpjsonServers":[],"hooks":{},"includeCoAuthoredBy":false,"model":"claude-sonnet-5","permissions":{"defaultMode":"bypassPermissions"}} -- reply with PROMPTOK
minimal/interactive/default/model="claude-opus-5": --model claude-opus-5 --name perky-same-chevy --output-format json --tools  --disable-slash-commands --no-session-persistence --strict-mcp-config --system-prompt  --settings {"cleanupPeriodDays":0,"enableAllProjectMcpServers":false,"enabledMcpjsonServers":[],"hooks":{},"includeCoAuthoredBy":false,"model":"claude-sonnet-5","permissions":{"defaultMode":"bypassPermissions"}} -- reply with PROMPTOK
minimal/interactive/plan/model="": --permission-mode plan --disallowedTools Bash,Edit,Write,NotebookEdit --name perky-same-chevy --output-format json --tools  --disable-slash-commands --no-session-persistence --strict-mcp-config --system-prompt  --settings {"cleanupPeriodDays":0,"enableAllProjectMcpServers":false,"enabledMcpjsonServers":[],"hooks":{},"includeCoAuthoredBy":false,"model":"claude-sonnet-5","permissions":{"defaultMode":"bypassPermissions"}} -- reply with PROMPTOK
minimal/interactive/plan/model="claude-opus-5": --permission-mode plan --disallowedTools Bash,Edit,Write,NotebookEdit --model claude-opus-5 --name perky-same-chevy --output-format json --tools  --disable-slash-commands --no-session-persistence --strict-mcp-config --system-prompt  --settings {"cleanupPeriodDays":0,"enableAllProjectMcpServers":false,"enabledMcpjsonServers":[],"hooks":{},"includeCoAuthoredBy":false,"model":"claude-sonnet-5","permissions":{"defaultMode":"bypassPermissions"}} -- reply with PROMPTOK
minimal/interactive/bypass/model="": --dangerously-skip-permissions --name perky-same-chevy --output-format json --tools  --disable-slash-commands --no-session-persistence --strict-mcp-config --system-prompt  --settings {"cleanupPeriodDays":0,"enableAllProjectMcpServers":false,"enabledMcpjsonServers":[],"hooks":{},"includeCoAuthoredBy":false,"model":"claude-sonnet-5","permissions":{"defaultMode":"bypassPermissions"}} -- reply with PROMPTOK
minimal/interactive/bypass/model="claude-opus-5": --dangerously-skip-permissions --model claude-opus-5 --name perky-same-chevy --output-format json --tools  --disable-slash-commands --no-session-persistence --strict-mcp-config --system-prompt  --settings {"cleanupPeriodDays":0,"enableAllProjectMcpServers":false,"enabledMcpjsonServers":[],"hooks":{},"includeCoAuthoredBy":false,"model":"claude-sonnet-5","permissions":{"defaultMode":"bypassPermissions"}} -- reply with PROMPTOK
minimal/interactive/acceptEdits/model="": --permission-mode acceptEdits --name perky-same-chevy --output-format json --tools  --disable-slash-commands --no-session-persistence --strict-mcp-config --system-prompt  --settings {"cleanupPeriodDays":0,"enableAllProjectMcpServers":false,"enabledMcpjsonServers":[],"hooks":{},"includeCoAuthoredBy":false,"model":"claude-sonnet-5","permissions":{"defaultMode":"bypassPermissions"}} -- reply with PROMPTOK
minimal/interactive/acceptEdits/model="claude-opus-5": --permission-mode acceptEdits --model claude-opus-5 --name perky-same-chevy --output-format json --tools  --disable-slash-commands --no-session-persistence --strict-mcp-config --system-prompt  --settings {"cleanupPeriodDays":0,"enableAllProjectMcpServers":false,"enabledMcpjsonServers":[],"hooks":{},"includeCoAuthoredBy":false,"model":"claude-sonnet-5","permissions":{"defaultMode":"bypassPermissions"}} -- reply with PROMPTOK
minimal/structured/default/model="": --print --output-format json --tools  --disable-slash-commands --no-session-persistence --strict-mcp-config --system-prompt  --settings {"cleanupPeriodDays":0,"enableAllProjectMcpServers":false,"enabledMcpjsonServers":[],"hooks":{},"includeCoAuthoredBy":false,"model":"claude-sonnet-5","permissions":{"defaultMode":"bypassPermissions"}}
minimal/structured/default/model="claude-opus-5": --model claude-opus-5 --print --output-format json --tools  --disable-slash-commands --no-session-persistence --strict-mcp-config --system-prompt  --settings {"cleanupPeriodDays":0,"enableAllProjectMcpServers":false,"enabledMcpjsonServers":[],"hooks":{},"includeCoAuthoredBy":false,"model":"claude-sonnet-5","permissions":{"defaultMode":"bypassPermissions"}}
minimal/structured/plan/model="": --permission-mode plan --disallowedTools Bash,Edit,Write,NotebookEdit --print --output-format json --tools  --disable-slash-commands --no-session-persistence --strict-mcp-config --system-prompt  --settings {"cleanupPeriodDays":0,"enableAllProjectMcpServers":false,"enabledMcpjsonServers":[],"hooks":{},"includeCoAuthoredBy":false,"model":"claude-sonnet-5","permissions":{"defaultMode":"bypassPermissions"}}
minimal/structured/plan/model="claude-opus-5": --permission-mode plan --disallowedTools Bash,Edit,Write,NotebookEdit --model claude-opus-5 --print --output-format json --tools  --disable-slash-commands --no-session-persistence --strict-mcp-config --system-prompt  --settings {"cleanupPeriodDays":0,"enableAllProjectMcpServers":false,"enabledMcpjsonServers":[],"hooks":{},"includeCoAuthoredBy":false,"model":"claude-sonnet-5","permissions":{"defaultMode":"bypassPermissions"}}
minimal/structured/bypass/model="": --dangerously-skip-permissions --print --output-format json --tools  --disable-slash-commands --no-session-persistence --strict-mcp-config --system-prompt  --settings {"cleanupPeriodDays":0,"enableAllProjectMcpServers":false,"enabledMcpjsonServers":[],"hooks":{},"includeCoAuthoredBy":false,"model":"claude-sonnet-5","permissions":{"defaultMode":"bypassPermissions"}}
minimal/structured/bypass/model="claude-opus-5": --dangerously-skip-permissions --model claude-opus-5 --print --output-format json --tools  --disable-slash-commands --no-session-persistence --strict-mcp-config --system-prompt  --settings {"cleanupPeriodDays":0,"enableAllProjectMcpServers":false,"enabledMcpjsonServers":[],"hooks":{},"includeCoAuthoredBy":false,"model":"claude-sonnet-5","permissions":{"defaultMode":"bypassPermissions"}}
minimal/structured/acceptEdits/model="": --permission-mode acceptEdits --print --output-format json --tools  --disable-slash-commands --no-session-persistence --strict-mcp-config --system-prompt  --settings {"cleanupPeriodDays":0,"enableAllProjectMcpServers":false,"enabledMcpjsonServers":[],"hooks":{},"includeCoAuthoredBy":false,"model":"claude-sonnet-5","permissions":{"defaultMode":"bypassPermissions"}}
minimal/structured/acceptEdits/model="claude-opus-5": --permission-mode acceptEdits --model claude-opus-5 --print --output-format json --tools  --disable-slash-commands --no-session-persistence --strict-mcp-config --system-prompt  --settings {"cleanupPeriodDays":0,"enableAllProjectMcpServers":false,"enabledMcpjsonServers":[],"hooks":{},"includeCoAuthoredBy":false,"model":"claude-sonnet-5","permissions":{"defaultMode":"bypassPermissions"}}
bare/interactive/default/model="": --name perky-same-chevy -- reply with PROMPTOK
bare/interactive/default/model="claude-opus-5": --model claude-opus-5 --name perky-same-chevy -- reply with PROMPTOK
bare/interactive/plan/model="": --permission-mode plan --disallowedTools Bash,Edit,Write,NotebookEdit --name perky-same-chevy -- reply with PROMPTOK
bare/interactive/plan/model="claude-opus-5": --permission-mode plan --disallowedTools Bash,Edit,Write,NotebookEdit --model claude-opus-5 --name perky-same-chevy -- reply with PROMPTOK
bare/interactive/bypass/model="": --dangerously-skip-permissions --name perky-same-chevy -- reply with PROMPTOK
bare/interactive/bypass/model="claude-opus-5": --dangerously-skip-permissions --model claude-opus-5 --name perky-same-chevy -- reply with PROMPTOK
bare/interactive/acceptEdits/model="": --permission-mode acceptEdits --name perky-same-chevy -- reply with PROMPTOK
bare/interactive/acceptEdits/model="claude-opus-5": --permission-mode acceptEdits --model claude-opus-5 --name perky-same-chevy -- reply with PROMPTOK
bare/structured/default/model="": --print
bare/structured/default/model="claude-opus-5": --model claude-opus-5 --print
bare/structured/plan/model="": --permission-mode plan --disallowedTools Bash,Edit,Write,NotebookEdit --print
bare/structured/plan/model="claude-opus-5": --permission-mode plan --disallowedTools Bash,Edit,Write,NotebookEdit --model claude-opus-5 --print
bare/structured/bypass/model="": --dangerously-skip-permissions --print
bare/structured/bypass/model="claude-opus-5": --dangerously-skip-permissions --model claude-opus-5 --print
bare/structured/acceptEdits/model="": --permission-mode acceptEdits --print
bare/structured/acceptEdits/model="claude-opus-5": --permission-mode acceptEdits --model claude-opus-5 --print
