delivered/interactive/default/model="": --name perky-same-chevy --append-system-prompt-file <HOME>/abc123.sysprompt.md --mcp-config <HOME>/.mcp.json --settings <HOME>/settings.json -- reply with PROMPTOK
delivered/interactive/default/model="claude-opus-5": --model claude-opus-5 --name perky-same-chevy --append-system-prompt-file <HOME>/abc123.sysprompt.md --mcp-config <HOME>/.mcp.json --settings <HOME>/settings.json -- reply with PROMPTOK
delivered/interactive/plan/model="": --permission-mode plan --disallowedTools Bash,Edit,Write,NotebookEdit --name perky-same-chevy --append-system-prompt-file <HOME>/abc123.sysprompt.md --mcp-config <HOME>/.mcp.json --settings <HOME>/settings.json -- reply with PROMPTOK
delivered/interactive/plan/model="claude-opus-5": --permission-mode plan --disallowedTools Bash,Edit,Write,NotebookEdit --model claude-opus-5 --name perky-same-chevy --append-system-prompt-file <HOME>/abc123.sysprompt.md --mcp-config <HOME>/.mcp.json --settings <HOME>/settings.json -- reply with PROMPTOK
delivered/interactive/bypass/model="": --dangerously-skip-permissions --name perky-same-chevy --append-system-prompt-file <HOME>/abc123.sysprompt.md --mcp-config <HOME>/.mcp.json --settings <HOME>/settings.json -- reply with PROMPTOK
delivered/interactive/bypass/model="claude-opus-5": --dangerously-skip-permissions --model claude-opus-5 --name perky-same-chevy --append-system-prompt-file <HOME>/abc123.sysprompt.md --mcp-config <HOME>/.mcp.json --settings <HOME>/settings.json -- reply with PROMPTOK
delivered/interactive/acceptEdits/model="": --permission-mode acceptEdits --name perky-same-chevy --append-system-prompt-file <HOME>/abc123.sysprompt.md --mcp-config <HOME>/.mcp.json --settings <HOME>/settings.json -- reply with PROMPTOK
delivered/interactive/acceptEdits/model="claude-opus-5": --permission-mode acceptEdits --model claude-opus-5 --name perky-same-chevy --append-system-prompt-file <HOME>/abc123.sysprompt.md --mcp-config <HOME>/.mcp.json --settings <HOME>/settings.json -- reply with PROMPTOK
delivered/structured/default/model="": --print --append-system-prompt-file <HOME>/abc123.sysprompt.md --mcp-config <HOME>/.mcp.json --settings <HOME>/settings.json
delivered/structured/default/model="claude-opus-5": --model claude-opus-5 --print --append-system-prompt-file <HOME>/abc123.sysprompt.md --mcp-config <HOME>/.mcp.json --settings <HOME>/settings.json
delivered/structured/plan/model="": --permission-mode plan --disallowedTools Bash,Edit,Write,NotebookEdit --print --append-system-prompt-file <HOME>/abc123.sysprompt.md --mcp-config <HOME>/.mcp.json --settings <HOME>/settings.json
delivered/structured/plan/model="claude-opus-5": --permission-mode plan --disallowedTools Bash,Edit,Write,NotebookEdit --model claude-opus-5 --print --append-system-prompt-file <HOME>/abc123.sysprompt.md --mcp-config <HOME>/.mcp.json --settings <HOME>/settings.json
delivered/structured/bypass/model="": --dangerously-skip-permissions --print --append-system-prompt-file <HOME>/abc123.sysprompt.md --mcp-config <HOME>/.mcp.json --settings <HOME>/settings.json
delivered/structured/bypass/model="claude-opus-5": --dangerously-skip-permissions --model claude-opus-5 --print --append-system-prompt-file <HOME>/abc123.sysprompt.md --mcp-config <HOME>/.mcp.json --settings <HOME>/settings.json
delivered/structured/acceptEdits/model="": --permission-mode acceptEdits --print --append-system-prompt-file <HOME>/abc123.sysprompt.md --mcp-config <HOME>/.mcp.json --settings <HOME>/settings.json
delivered/structured/acceptEdits/model="claude-opus-5": --permission-mode acceptEdits --model claude-opus-5 --print --append-system-prompt-file <HOME>/abc123.sysprompt.md --mcp-config <HOME>/.mcp.json --settings <HOME>/settings.json
mcp-only/interactive/default/model="": --name perky-same-chevy --mcp-config <HOME>/.mcp.json -- reply with PROMPTOK
mcp-only/interactive/default/model="claude-opus-5": --model claude-opus-5 --name perky-same-chevy --mcp-config <HOME>/.mcp.json -- reply with PROMPTOK
mcp-only/interactive/plan/model="": --permission-mode plan --disallowedTools Bash,Edit,Write,NotebookEdit --name perky-same-chevy --mcp-config <HOME>/.mcp.json -- reply with PROMPTOK
mcp-only/interactive/plan/model="claude-opus-5": --permission-mode plan --disallowedTools Bash,Edit,Write,NotebookEdit --model claude-opus-5 --name perky-same-chevy --mcp-config <HOME>/.mcp.json -- reply with PROMPTOK
mcp-only/interactive/bypass/model="": --dangerously-skip-permissions --name perky-same-chevy --mcp-config <HOME>/.mcp.json -- reply with PROMPTOK
mcp-only/interactive/bypass/model="claude-opus-5": --dangerously-skip-permissions --model claude-opus-5 --name perky-same-chevy --mcp-config <HOME>/.mcp.json -- reply with PROMPTOK
mcp-only/interactive/acceptEdits/model="": --permission-mode acceptEdits --name perky-same-chevy --mcp-config <HOME>/.mcp.json -- reply with PROMPTOK
mcp-only/interactive/acceptEdits/model="claude-opus-5": --permission-mode acceptEdits --model claude-opus-5 --name perky-same-chevy --mcp-config <HOME>/.mcp.json -- reply with PROMPTOK
mcp-only/structured/default/model="": --print --mcp-config <HOME>/.mcp.json
mcp-only/structured/default/model="claude-opus-5": --model claude-opus-5 --print --mcp-config <HOME>/.mcp.json
mcp-only/structured/plan/model="": --permission-mode plan --disallowedTools Bash,Edit,Write,NotebookEdit --print --mcp-config <HOME>/.mcp.json
mcp-only/structured/plan/model="claude-opus-5": --permission-mode plan --disallowedTools Bash,Edit,Write,NotebookEdit --model claude-opus-5 --print --mcp-config <HOME>/.mcp.json
mcp-only/structured/bypass/model="": --dangerously-skip-permissions --print --mcp-config <HOME>/.mcp.json
mcp-only/structured/bypass/model="claude-opus-5": --dangerously-skip-permissions --model claude-opus-5 --print --mcp-config <HOME>/.mcp.json
mcp-only/structured/acceptEdits/model="": --permission-mode acceptEdits --print --mcp-config <HOME>/.mcp.json
mcp-only/structured/acceptEdits/model="claude-opus-5": --permission-mode acceptEdits --model claude-opus-5 --print --mcp-config <HOME>/.mcp.json
bare/interactive/default/model="": --name perky-same-chevy -- reply with PROMPTOK
bare/interactive/default/model="claude-opus-5": --model claude-opus-5 --name perky-same-chevy -- reply with PROMPTOK
bare/interactive/plan/model="": --permission-mode plan --disallowedTools Bash,Edit,Write,NotebookEdit --name perky-same-chevy -- reply with PROMPTOK
bare/interactive/plan/model="claude-opus-5": --permission-mode plan --disallowedTools Bash,Edit,Write,NotebookEdit --model claude-opus-5 --name perky-same-chevy -- reply with PROMPTOK
bare/interactive/bypass/model="": --dangerously-skip-permissions --name perky-same-chevy -- reply with PROMPTOK
bare/interactive/bypass/model="claude-opus-5": --dangerously-skip-permissions --model claude-opus-5 --name perky-same-chevy -- reply with PROMPTOK
bare/interactive/acceptEdits/model="": --permission-mode acceptEdits --name perky-same-chevy -- reply with PROMPTOK
bare/interactive/acceptEdits/model="claude-opus-5": --permission-mode acceptEdits --model claude-opus-5 --name perky-same-chevy -- reply with PROMPTOK
bare/structured/default/model="": --print
bare/structured/default/model="claude-opus-5": --model claude-opus-5 --print
bare/structured/plan/model="": --permission-mode plan --disallowedTools Bash,Edit,Write,NotebookEdit --print
bare/structured/plan/model="claude-opus-5": --permission-mode plan --disallowedTools Bash,Edit,Write,NotebookEdit --model claude-opus-5 --print
bare/structured/bypass/model="": --dangerously-skip-permissions --print
bare/structured/bypass/model="claude-opus-5": --dangerously-skip-permissions --model claude-opus-5 --print
bare/structured/acceptEdits/model="": --permission-mode acceptEdits --print
bare/structured/acceptEdits/model="claude-opus-5": --permission-mode acceptEdits --model claude-opus-5 --print
