default/model=""/resume=""/mcp="": --print --input-format stream-json --output-format stream-json --verbose --name perky-same-chevy --settings {"permissions":{"defaultMode":"default"}}
default/model=""/resume=""/mcp="<HOME>/.mcp.json": --print --mcp-config <HOME>/.mcp.json --input-format stream-json --output-format stream-json --verbose --name perky-same-chevy --settings {"permissions":{"defaultMode":"default"}}
default/model=""/resume="native-key-1"/mcp="": --print --resume native-key-1 --input-format stream-json --output-format stream-json --verbose --name perky-same-chevy --settings {"permissions":{"defaultMode":"default"}}
default/model=""/resume="native-key-1"/mcp="<HOME>/.mcp.json": --print --mcp-config <HOME>/.mcp.json --resume native-key-1 --input-format stream-json --output-format stream-json --verbose --name perky-same-chevy --settings {"permissions":{"defaultMode":"default"}}
default/model="claude-opus-5"/resume=""/mcp="": --model claude-opus-5 --print --input-format stream-json --output-format stream-json --verbose --name perky-same-chevy --settings {"permissions":{"defaultMode":"default"}}
default/model="claude-opus-5"/resume=""/mcp="<HOME>/.mcp.json": --model claude-opus-5 --print --mcp-config <HOME>/.mcp.json --input-format stream-json --output-format stream-json --verbose --name perky-same-chevy --settings {"permissions":{"defaultMode":"default"}}
default/model="claude-opus-5"/resume="native-key-1"/mcp="": --model claude-opus-5 --print --resume native-key-1 --input-format stream-json --output-format stream-json --verbose --name perky-same-chevy --settings {"permissions":{"defaultMode":"default"}}
default/model="claude-opus-5"/resume="native-key-1"/mcp="<HOME>/.mcp.json": --model claude-opus-5 --print --mcp-config <HOME>/.mcp.json --resume native-key-1 --input-format stream-json --output-format stream-json --verbose --name perky-same-chevy --settings {"permissions":{"defaultMode":"default"}}
plan/model=""/resume=""/mcp="": --disallowedTools Bash,Edit,Write,NotebookEdit --print --input-format stream-json --output-format stream-json --verbose --name perky-same-chevy --settings {"permissions":{"defaultMode":"plan"}}
plan/model=""/resume=""/mcp="<HOME>/.mcp.json": --disallowedTools Bash,Edit,Write,NotebookEdit --allowedTools mcp__probe --print --mcp-config <HOME>/.mcp.json --input-format stream-json --output-format stream-json --verbose --name perky-same-chevy --settings {"permissions":{"defaultMode":"plan"}}
plan/model=""/resume="native-key-1"/mcp="": --disallowedTools Bash,Edit,Write,NotebookEdit --print --resume native-key-1 --input-format stream-json --output-format stream-json --verbose --name perky-same-chevy --settings {"permissions":{"defaultMode":"plan"}}
plan/model=""/resume="native-key-1"/mcp="<HOME>/.mcp.json": --disallowedTools Bash,Edit,Write,NotebookEdit --allowedTools mcp__probe --print --mcp-config <HOME>/.mcp.json --resume native-key-1 --input-format stream-json --output-format stream-json --verbose --name perky-same-chevy --settings {"permissions":{"defaultMode":"plan"}}
plan/model="claude-opus-5"/resume=""/mcp="": --disallowedTools Bash,Edit,Write,NotebookEdit --model claude-opus-5 --print --input-format stream-json --output-format stream-json --verbose --name perky-same-chevy --settings {"permissions":{"defaultMode":"plan"}}
plan/model="claude-opus-5"/resume=""/mcp="<HOME>/.mcp.json": --disallowedTools Bash,Edit,Write,NotebookEdit --allowedTools mcp__probe --model claude-opus-5 --print --mcp-config <HOME>/.mcp.json --input-format stream-json --output-format stream-json --verbose --name perky-same-chevy --settings {"permissions":{"defaultMode":"plan"}}
plan/model="claude-opus-5"/resume="native-key-1"/mcp="": --disallowedTools Bash,Edit,Write,NotebookEdit --model claude-opus-5 --print --resume native-key-1 --input-format stream-json --output-format stream-json --verbose --name perky-same-chevy --settings {"permissions":{"defaultMode":"plan"}}
plan/model="claude-opus-5"/resume="native-key-1"/mcp="<HOME>/.mcp.json": --disallowedTools Bash,Edit,Write,NotebookEdit --allowedTools mcp__probe --model claude-opus-5 --print --mcp-config <HOME>/.mcp.json --resume native-key-1 --input-format stream-json --output-format stream-json --verbose --name perky-same-chevy --settings {"permissions":{"defaultMode":"plan"}}
bypass/model=""/resume=""/mcp="": --dangerously-skip-permissions --permission-prompts none --print --input-format stream-json --output-format stream-json --verbose --name perky-same-chevy
bypass/model=""/resume=""/mcp="<HOME>/.mcp.json": --dangerously-skip-permissions --permission-prompts none --print --mcp-config <HOME>/.mcp.json --input-format stream-json --output-format stream-json --verbose --name perky-same-chevy
bypass/model=""/resume="native-key-1"/mcp="": --dangerously-skip-permissions --permission-prompts none --print --resume native-key-1 --input-format stream-json --output-format stream-json --verbose --name perky-same-chevy
bypass/model=""/resume="native-key-1"/mcp="<HOME>/.mcp.json": --dangerously-skip-permissions --permission-prompts none --print --mcp-config <HOME>/.mcp.json --resume native-key-1 --input-format stream-json --output-format stream-json --verbose --name perky-same-chevy
bypass/model="claude-opus-5"/resume=""/mcp="": --dangerously-skip-permissions --permission-prompts none --model claude-opus-5 --print --input-format stream-json --output-format stream-json --verbose --name perky-same-chevy
bypass/model="claude-opus-5"/resume=""/mcp="<HOME>/.mcp.json": --dangerously-skip-permissions --permission-prompts none --model claude-opus-5 --print --mcp-config <HOME>/.mcp.json --input-format stream-json --output-format stream-json --verbose --name perky-same-chevy
bypass/model="claude-opus-5"/resume="native-key-1"/mcp="": --dangerously-skip-permissions --permission-prompts none --model claude-opus-5 --print --resume native-key-1 --input-format stream-json --output-format stream-json --verbose --name perky-same-chevy
bypass/model="claude-opus-5"/resume="native-key-1"/mcp="<HOME>/.mcp.json": --dangerously-skip-permissions --permission-prompts none --model claude-opus-5 --print --mcp-config <HOME>/.mcp.json --resume native-key-1 --input-format stream-json --output-format stream-json --verbose --name perky-same-chevy
acceptEdits/model=""/resume=""/mcp="": --print --input-format stream-json --output-format stream-json --verbose --name perky-same-chevy --settings {"permissions":{"defaultMode":"acceptEdits"}}
acceptEdits/model=""/resume=""/mcp="<HOME>/.mcp.json": --print --mcp-config <HOME>/.mcp.json --input-format stream-json --output-format stream-json --verbose --name perky-same-chevy --settings {"permissions":{"defaultMode":"acceptEdits"}}
acceptEdits/model=""/resume="native-key-1"/mcp="": --print --resume native-key-1 --input-format stream-json --output-format stream-json --verbose --name perky-same-chevy --settings {"permissions":{"defaultMode":"acceptEdits"}}
acceptEdits/model=""/resume="native-key-1"/mcp="<HOME>/.mcp.json": --print --mcp-config <HOME>/.mcp.json --resume native-key-1 --input-format stream-json --output-format stream-json --verbose --name perky-same-chevy --settings {"permissions":{"defaultMode":"acceptEdits"}}
acceptEdits/model="claude-opus-5"/resume=""/mcp="": --model claude-opus-5 --print --input-format stream-json --output-format stream-json --verbose --name perky-same-chevy --settings {"permissions":{"defaultMode":"acceptEdits"}}
acceptEdits/model="claude-opus-5"/resume=""/mcp="<HOME>/.mcp.json": --model claude-opus-5 --print --mcp-config <HOME>/.mcp.json --input-format stream-json --output-format stream-json --verbose --name perky-same-chevy --settings {"permissions":{"defaultMode":"acceptEdits"}}
acceptEdits/model="claude-opus-5"/resume="native-key-1"/mcp="": --model claude-opus-5 --print --resume native-key-1 --input-format stream-json --output-format stream-json --verbose --name perky-same-chevy --settings {"permissions":{"defaultMode":"acceptEdits"}}
acceptEdits/model="claude-opus-5"/resume="native-key-1"/mcp="<HOME>/.mcp.json": --model claude-opus-5 --print --mcp-config <HOME>/.mcp.json --resume native-key-1 --input-format stream-json --output-format stream-json --verbose --name perky-same-chevy --settings {"permissions":{"defaultMode":"acceptEdits"}}
dontAsk/model=""/resume=""/mcp="": --permission-prompts none --print --input-format stream-json --output-format stream-json --verbose --name perky-same-chevy --settings {"permissions":{"defaultMode":"dontAsk"}}
dontAsk/model=""/resume=""/mcp="<HOME>/.mcp.json": --permission-prompts none --print --mcp-config <HOME>/.mcp.json --input-format stream-json --output-format stream-json --verbose --name perky-same-chevy --settings {"permissions":{"defaultMode":"dontAsk"}}
dontAsk/model=""/resume="native-key-1"/mcp="": --permission-prompts none --print --resume native-key-1 --input-format stream-json --output-format stream-json --verbose --name perky-same-chevy --settings {"permissions":{"defaultMode":"dontAsk"}}
dontAsk/model=""/resume="native-key-1"/mcp="<HOME>/.mcp.json": --permission-prompts none --print --mcp-config <HOME>/.mcp.json --resume native-key-1 --input-format stream-json --output-format stream-json --verbose --name perky-same-chevy --settings {"permissions":{"defaultMode":"dontAsk"}}
dontAsk/model="claude-opus-5"/resume=""/mcp="": --permission-prompts none --model claude-opus-5 --print --input-format stream-json --output-format stream-json --verbose --name perky-same-chevy --settings {"permissions":{"defaultMode":"dontAsk"}}
dontAsk/model="claude-opus-5"/resume=""/mcp="<HOME>/.mcp.json": --permission-prompts none --model claude-opus-5 --print --mcp-config <HOME>/.mcp.json --input-format stream-json --output-format stream-json --verbose --name perky-same-chevy --settings {"permissions":{"defaultMode":"dontAsk"}}
dontAsk/model="claude-opus-5"/resume="native-key-1"/mcp="": --permission-prompts none --model claude-opus-5 --print --resume native-key-1 --input-format stream-json --output-format stream-json --verbose --name perky-same-chevy --settings {"permissions":{"defaultMode":"dontAsk"}}
dontAsk/model="claude-opus-5"/resume="native-key-1"/mcp="<HOME>/.mcp.json": --permission-prompts none --model claude-opus-5 --print --mcp-config <HOME>/.mcp.json --resume native-key-1 --input-format stream-json --output-format stream-json --verbose --name perky-same-chevy --settings {"permissions":{"defaultMode":"dontAsk"}}
auto/model=""/resume=""/mcp="": --permission-prompts none --print --input-format stream-json --output-format stream-json --verbose --name perky-same-chevy --settings {"permissions":{"defaultMode":"auto"}}
auto/model=""/resume=""/mcp="<HOME>/.mcp.json": --permission-prompts none --print --mcp-config <HOME>/.mcp.json --input-format stream-json --output-format stream-json --verbose --name perky-same-chevy --settings {"permissions":{"defaultMode":"auto"}}
auto/model=""/resume="native-key-1"/mcp="": --permission-prompts none --print --resume native-key-1 --input-format stream-json --output-format stream-json --verbose --name perky-same-chevy --settings {"permissions":{"defaultMode":"auto"}}
auto/model=""/resume="native-key-1"/mcp="<HOME>/.mcp.json": --permission-prompts none --print --mcp-config <HOME>/.mcp.json --resume native-key-1 --input-format stream-json --output-format stream-json --verbose --name perky-same-chevy --settings {"permissions":{"defaultMode":"auto"}}
auto/model="claude-opus-5"/resume=""/mcp="": --permission-prompts none --model claude-opus-5 --print --input-format stream-json --output-format stream-json --verbose --name perky-same-chevy --settings {"permissions":{"defaultMode":"auto"}}
auto/model="claude-opus-5"/resume=""/mcp="<HOME>/.mcp.json": --permission-prompts none --model claude-opus-5 --print --mcp-config <HOME>/.mcp.json --input-format stream-json --output-format stream-json --verbose --name perky-same-chevy --settings {"permissions":{"defaultMode":"auto"}}
auto/model="claude-opus-5"/resume="native-key-1"/mcp="": --permission-prompts none --model claude-opus-5 --print --resume native-key-1 --input-format stream-json --output-format stream-json --verbose --name perky-same-chevy --settings {"permissions":{"defaultMode":"auto"}}
auto/model="claude-opus-5"/resume="native-key-1"/mcp="<HOME>/.mcp.json": --permission-prompts none --model claude-opus-5 --print --mcp-config <HOME>/.mcp.json --resume native-key-1 --input-format stream-json --output-format stream-json --verbose --name perky-same-chevy --settings {"permissions":{"defaultMode":"auto"}}
