shared/interactive/default/model="":
  argv: --name perky-same-chevy --append-system-prompt-file <HOME>/e0d94304a8677733.sysprompt.md --mcp-config <HOME>/.mcp.json --settings <EPHEM>/.claude/settings.json -- reply with PROMPTOK
  env: CLAUDE_CONFIG_DIR=<HOME> CTXLOOM_SESSION_HARP=perky-same-chevy
  cwd: <WORK>
shared/interactive/default/model="claude-opus-5":
  argv: --model claude-opus-5 --name perky-same-chevy --append-system-prompt-file <HOME>/e0d94304a8677733.sysprompt.md --mcp-config <HOME>/.mcp.json --settings <EPHEM>/.claude/settings.json -- reply with PROMPTOK
  env: CLAUDE_CONFIG_DIR=<HOME> CTXLOOM_SESSION_HARP=perky-same-chevy
  cwd: <WORK>
shared/interactive/plan/model="":
  argv: --permission-mode plan --disallowedTools Bash,Edit,Write,NotebookEdit --allowedTools mcp__probe --name perky-same-chevy --append-system-prompt-file <HOME>/e0d94304a8677733.sysprompt.md --mcp-config <HOME>/.mcp.json --settings <EPHEM>/.claude/settings.json -- reply with PROMPTOK
  env: CLAUDE_CONFIG_DIR=<HOME> CTXLOOM_SESSION_HARP=perky-same-chevy
  cwd: <WORK>
shared/interactive/plan/model="claude-opus-5":
  argv: --permission-mode plan --disallowedTools Bash,Edit,Write,NotebookEdit --allowedTools mcp__probe --model claude-opus-5 --name perky-same-chevy --append-system-prompt-file <HOME>/e0d94304a8677733.sysprompt.md --mcp-config <HOME>/.mcp.json --settings <EPHEM>/.claude/settings.json -- reply with PROMPTOK
  env: CLAUDE_CONFIG_DIR=<HOME> CTXLOOM_SESSION_HARP=perky-same-chevy
  cwd: <WORK>
shared/interactive/bypass/model="":
  argv: --dangerously-skip-permissions --name perky-same-chevy --append-system-prompt-file <HOME>/e0d94304a8677733.sysprompt.md --mcp-config <HOME>/.mcp.json --settings <EPHEM>/.claude/settings.json -- reply with PROMPTOK
  env: CLAUDE_CONFIG_DIR=<HOME> CTXLOOM_SESSION_HARP=perky-same-chevy
  cwd: <WORK>
shared/interactive/bypass/model="claude-opus-5":
  argv: --dangerously-skip-permissions --model claude-opus-5 --name perky-same-chevy --append-system-prompt-file <HOME>/e0d94304a8677733.sysprompt.md --mcp-config <HOME>/.mcp.json --settings <EPHEM>/.claude/settings.json -- reply with PROMPTOK
  env: CLAUDE_CONFIG_DIR=<HOME> CTXLOOM_SESSION_HARP=perky-same-chevy
  cwd: <WORK>
shared/interactive/acceptEdits/model="":
  argv: --permission-mode acceptEdits --name perky-same-chevy --append-system-prompt-file <HOME>/e0d94304a8677733.sysprompt.md --mcp-config <HOME>/.mcp.json --settings <EPHEM>/.claude/settings.json -- reply with PROMPTOK
  env: CLAUDE_CONFIG_DIR=<HOME> CTXLOOM_SESSION_HARP=perky-same-chevy
  cwd: <WORK>
shared/interactive/acceptEdits/model="claude-opus-5":
  argv: --permission-mode acceptEdits --model claude-opus-5 --name perky-same-chevy --append-system-prompt-file <HOME>/e0d94304a8677733.sysprompt.md --mcp-config <HOME>/.mcp.json --settings <EPHEM>/.claude/settings.json -- reply with PROMPTOK
  env: CLAUDE_CONFIG_DIR=<HOME> CTXLOOM_SESSION_HARP=perky-same-chevy
  cwd: <WORK>
shared/structured/default/model="":
  argv: --print --append-system-prompt-file <HOME>/e0d94304a8677733.sysprompt.md --mcp-config <HOME>/.mcp.json --settings <EPHEM>/.claude/settings.json
  env: CLAUDE_CONFIG_DIR=<HOME> CTXLOOM_SESSION_HARP=perky-same-chevy
  cwd: <WORK>
shared/structured/default/model="claude-opus-5":
  argv: --model claude-opus-5 --print --append-system-prompt-file <HOME>/e0d94304a8677733.sysprompt.md --mcp-config <HOME>/.mcp.json --settings <EPHEM>/.claude/settings.json
  env: CLAUDE_CONFIG_DIR=<HOME> CTXLOOM_SESSION_HARP=perky-same-chevy
  cwd: <WORK>
shared/structured/plan/model="":
  argv: --permission-mode plan --disallowedTools Bash,Edit,Write,NotebookEdit --allowedTools mcp__probe --print --append-system-prompt-file <HOME>/e0d94304a8677733.sysprompt.md --mcp-config <HOME>/.mcp.json --settings <EPHEM>/.claude/settings.json
  env: CLAUDE_CONFIG_DIR=<HOME> CTXLOOM_SESSION_HARP=perky-same-chevy
  cwd: <WORK>
shared/structured/plan/model="claude-opus-5":
  argv: --permission-mode plan --disallowedTools Bash,Edit,Write,NotebookEdit --allowedTools mcp__probe --model claude-opus-5 --print --append-system-prompt-file <HOME>/e0d94304a8677733.sysprompt.md --mcp-config <HOME>/.mcp.json --settings <EPHEM>/.claude/settings.json
  env: CLAUDE_CONFIG_DIR=<HOME> CTXLOOM_SESSION_HARP=perky-same-chevy
  cwd: <WORK>
shared/structured/bypass/model="":
  argv: --dangerously-skip-permissions --print --append-system-prompt-file <HOME>/e0d94304a8677733.sysprompt.md --mcp-config <HOME>/.mcp.json --settings <EPHEM>/.claude/settings.json
  env: CLAUDE_CONFIG_DIR=<HOME> CTXLOOM_SESSION_HARP=perky-same-chevy
  cwd: <WORK>
shared/structured/bypass/model="claude-opus-5":
  argv: --dangerously-skip-permissions --model claude-opus-5 --print --append-system-prompt-file <HOME>/e0d94304a8677733.sysprompt.md --mcp-config <HOME>/.mcp.json --settings <EPHEM>/.claude/settings.json
  env: CLAUDE_CONFIG_DIR=<HOME> CTXLOOM_SESSION_HARP=perky-same-chevy
  cwd: <WORK>
shared/structured/acceptEdits/model="":
  argv: --permission-mode acceptEdits --print --append-system-prompt-file <HOME>/e0d94304a8677733.sysprompt.md --mcp-config <HOME>/.mcp.json --settings <EPHEM>/.claude/settings.json
  env: CLAUDE_CONFIG_DIR=<HOME> CTXLOOM_SESSION_HARP=perky-same-chevy
  cwd: <WORK>
shared/structured/acceptEdits/model="claude-opus-5":
  argv: --permission-mode acceptEdits --model claude-opus-5 --print --append-system-prompt-file <HOME>/e0d94304a8677733.sysprompt.md --mcp-config <HOME>/.mcp.json --settings <EPHEM>/.claude/settings.json
  env: CLAUDE_CONFIG_DIR=<HOME> CTXLOOM_SESSION_HARP=perky-same-chevy
  cwd: <WORK>
isolated/interactive/default/model="":
  argv: --name perky-same-chevy --mcp-config <HOME>/.mcp.json -- reply with PROMPTOK
  env: CLAUDE_CONFIG_DIR=<HOME> CTXLOOM_SESSION_HARP=perky-same-chevy
  cwd: <WORK>
isolated/interactive/default/model="claude-opus-5":
  argv: --model claude-opus-5 --name perky-same-chevy --mcp-config <HOME>/.mcp.json -- reply with PROMPTOK
  env: CLAUDE_CONFIG_DIR=<HOME> CTXLOOM_SESSION_HARP=perky-same-chevy
  cwd: <WORK>
isolated/interactive/plan/model="":
  argv: --permission-mode plan --disallowedTools Bash,Edit,Write,NotebookEdit --allowedTools mcp__probe --name perky-same-chevy --mcp-config <HOME>/.mcp.json -- reply with PROMPTOK
  env: CLAUDE_CONFIG_DIR=<HOME> CTXLOOM_SESSION_HARP=perky-same-chevy
  cwd: <WORK>
isolated/interactive/plan/model="claude-opus-5":
  argv: --permission-mode plan --disallowedTools Bash,Edit,Write,NotebookEdit --allowedTools mcp__probe --model claude-opus-5 --name perky-same-chevy --mcp-config <HOME>/.mcp.json -- reply with PROMPTOK
  env: CLAUDE_CONFIG_DIR=<HOME> CTXLOOM_SESSION_HARP=perky-same-chevy
  cwd: <WORK>
isolated/interactive/bypass/model="":
  argv: --dangerously-skip-permissions --name perky-same-chevy --mcp-config <HOME>/.mcp.json -- reply with PROMPTOK
  env: CLAUDE_CONFIG_DIR=<HOME> CTXLOOM_SESSION_HARP=perky-same-chevy
  cwd: <WORK>
isolated/interactive/bypass/model="claude-opus-5":
  argv: --dangerously-skip-permissions --model claude-opus-5 --name perky-same-chevy --mcp-config <HOME>/.mcp.json -- reply with PROMPTOK
  env: CLAUDE_CONFIG_DIR=<HOME> CTXLOOM_SESSION_HARP=perky-same-chevy
  cwd: <WORK>
isolated/interactive/acceptEdits/model="":
  argv: --permission-mode acceptEdits --name perky-same-chevy --mcp-config <HOME>/.mcp.json -- reply with PROMPTOK
  env: CLAUDE_CONFIG_DIR=<HOME> CTXLOOM_SESSION_HARP=perky-same-chevy
  cwd: <WORK>
isolated/interactive/acceptEdits/model="claude-opus-5":
  argv: --permission-mode acceptEdits --model claude-opus-5 --name perky-same-chevy --mcp-config <HOME>/.mcp.json -- reply with PROMPTOK
  env: CLAUDE_CONFIG_DIR=<HOME> CTXLOOM_SESSION_HARP=perky-same-chevy
  cwd: <WORK>
isolated/structured/default/model="":
  argv: --print --mcp-config <HOME>/.mcp.json
  env: CLAUDE_CONFIG_DIR=<HOME> CTXLOOM_SESSION_HARP=perky-same-chevy
  cwd: <WORK>
isolated/structured/default/model="claude-opus-5":
  argv: --model claude-opus-5 --print --mcp-config <HOME>/.mcp.json
  env: CLAUDE_CONFIG_DIR=<HOME> CTXLOOM_SESSION_HARP=perky-same-chevy
  cwd: <WORK>
isolated/structured/plan/model="":
  argv: --permission-mode plan --disallowedTools Bash,Edit,Write,NotebookEdit --allowedTools mcp__probe --print --mcp-config <HOME>/.mcp.json
  env: CLAUDE_CONFIG_DIR=<HOME> CTXLOOM_SESSION_HARP=perky-same-chevy
  cwd: <WORK>
isolated/structured/plan/model="claude-opus-5":
  argv: --permission-mode plan --disallowedTools Bash,Edit,Write,NotebookEdit --allowedTools mcp__probe --model claude-opus-5 --print --mcp-config <HOME>/.mcp.json
  env: CLAUDE_CONFIG_DIR=<HOME> CTXLOOM_SESSION_HARP=perky-same-chevy
  cwd: <WORK>
isolated/structured/bypass/model="":
  argv: --dangerously-skip-permissions --print --mcp-config <HOME>/.mcp.json
  env: CLAUDE_CONFIG_DIR=<HOME> CTXLOOM_SESSION_HARP=perky-same-chevy
  cwd: <WORK>
isolated/structured/bypass/model="claude-opus-5":
  argv: --dangerously-skip-permissions --model claude-opus-5 --print --mcp-config <HOME>/.mcp.json
  env: CLAUDE_CONFIG_DIR=<HOME> CTXLOOM_SESSION_HARP=perky-same-chevy
  cwd: <WORK>
isolated/structured/acceptEdits/model="":
  argv: --permission-mode acceptEdits --print --mcp-config <HOME>/.mcp.json
  env: CLAUDE_CONFIG_DIR=<HOME> CTXLOOM_SESSION_HARP=perky-same-chevy
  cwd: <WORK>
isolated/structured/acceptEdits/model="claude-opus-5":
  argv: --permission-mode acceptEdits --model claude-opus-5 --print --mcp-config <HOME>/.mcp.json
  env: CLAUDE_CONFIG_DIR=<HOME> CTXLOOM_SESSION_HARP=perky-same-chevy
  cwd: <WORK>
minimal/interactive/default/model="":
  argv: --name perky-same-chevy --output-format json --tools  --disable-slash-commands --no-session-persistence --strict-mcp-config --system-prompt  --settings {"cleanupPeriodDays":0,"enableAllProjectMcpServers":false,"enabledMcpjsonServers":[],"hooks":{},"includeCoAuthoredBy":false,"model":"claude-sonnet-5","permissions":{"defaultMode":"bypassPermissions"}} -- reply with PROMPTOK
  env: CTXLOOM_SESSION_HARP=perky-same-chevy
  cwd: .
minimal/interactive/default/model="claude-opus-5":
  argv: --model claude-opus-5 --name perky-same-chevy --output-format json --tools  --disable-slash-commands --no-session-persistence --strict-mcp-config --system-prompt  --settings {"cleanupPeriodDays":0,"enableAllProjectMcpServers":false,"enabledMcpjsonServers":[],"hooks":{},"includeCoAuthoredBy":false,"model":"claude-sonnet-5","permissions":{"defaultMode":"bypassPermissions"}} -- reply with PROMPTOK
  env: CTXLOOM_SESSION_HARP=perky-same-chevy
  cwd: .
minimal/interactive/plan/model="":
  argv: --permission-mode plan --disallowedTools Bash,Edit,Write,NotebookEdit --name perky-same-chevy --output-format json --tools  --disable-slash-commands --no-session-persistence --strict-mcp-config --system-prompt  --settings {"cleanupPeriodDays":0,"enableAllProjectMcpServers":false,"enabledMcpjsonServers":[],"hooks":{},"includeCoAuthoredBy":false,"model":"claude-sonnet-5","permissions":{"defaultMode":"bypassPermissions"}} -- reply with PROMPTOK
  env: CTXLOOM_SESSION_HARP=perky-same-chevy
  cwd: .
minimal/interactive/plan/model="claude-opus-5":
  argv: --permission-mode plan --disallowedTools Bash,Edit,Write,NotebookEdit --model claude-opus-5 --name perky-same-chevy --output-format json --tools  --disable-slash-commands --no-session-persistence --strict-mcp-config --system-prompt  --settings {"cleanupPeriodDays":0,"enableAllProjectMcpServers":false,"enabledMcpjsonServers":[],"hooks":{},"includeCoAuthoredBy":false,"model":"claude-sonnet-5","permissions":{"defaultMode":"bypassPermissions"}} -- reply with PROMPTOK
  env: CTXLOOM_SESSION_HARP=perky-same-chevy
  cwd: .
minimal/interactive/bypass/model="":
  argv: --dangerously-skip-permissions --name perky-same-chevy --output-format json --tools  --disable-slash-commands --no-session-persistence --strict-mcp-config --system-prompt  --settings {"cleanupPeriodDays":0,"enableAllProjectMcpServers":false,"enabledMcpjsonServers":[],"hooks":{},"includeCoAuthoredBy":false,"model":"claude-sonnet-5","permissions":{"defaultMode":"bypassPermissions"}} -- reply with PROMPTOK
  env: CTXLOOM_SESSION_HARP=perky-same-chevy
  cwd: .
minimal/interactive/bypass/model="claude-opus-5":
  argv: --dangerously-skip-permissions --model claude-opus-5 --name perky-same-chevy --output-format json --tools  --disable-slash-commands --no-session-persistence --strict-mcp-config --system-prompt  --settings {"cleanupPeriodDays":0,"enableAllProjectMcpServers":false,"enabledMcpjsonServers":[],"hooks":{},"includeCoAuthoredBy":false,"model":"claude-sonnet-5","permissions":{"defaultMode":"bypassPermissions"}} -- reply with PROMPTOK
  env: CTXLOOM_SESSION_HARP=perky-same-chevy
  cwd: .
minimal/interactive/acceptEdits/model="":
  argv: --permission-mode acceptEdits --name perky-same-chevy --output-format json --tools  --disable-slash-commands --no-session-persistence --strict-mcp-config --system-prompt  --settings {"cleanupPeriodDays":0,"enableAllProjectMcpServers":false,"enabledMcpjsonServers":[],"hooks":{},"includeCoAuthoredBy":false,"model":"claude-sonnet-5","permissions":{"defaultMode":"bypassPermissions"}} -- reply with PROMPTOK
  env: CTXLOOM_SESSION_HARP=perky-same-chevy
  cwd: .
minimal/interactive/acceptEdits/model="claude-opus-5":
  argv: --permission-mode acceptEdits --model claude-opus-5 --name perky-same-chevy --output-format json --tools  --disable-slash-commands --no-session-persistence --strict-mcp-config --system-prompt  --settings {"cleanupPeriodDays":0,"enableAllProjectMcpServers":false,"enabledMcpjsonServers":[],"hooks":{},"includeCoAuthoredBy":false,"model":"claude-sonnet-5","permissions":{"defaultMode":"bypassPermissions"}} -- reply with PROMPTOK
  env: CTXLOOM_SESSION_HARP=perky-same-chevy
  cwd: .
minimal/structured/default/model="":
  argv: --print --output-format json --tools  --disable-slash-commands --no-session-persistence --strict-mcp-config --system-prompt  --settings {"cleanupPeriodDays":0,"enableAllProjectMcpServers":false,"enabledMcpjsonServers":[],"hooks":{},"includeCoAuthoredBy":false,"model":"claude-sonnet-5","permissions":{"defaultMode":"bypassPermissions"}}
  env: CTXLOOM_SESSION_HARP=perky-same-chevy
  cwd: .
minimal/structured/default/model="claude-opus-5":
  argv: --model claude-opus-5 --print --output-format json --tools  --disable-slash-commands --no-session-persistence --strict-mcp-config --system-prompt  --settings {"cleanupPeriodDays":0,"enableAllProjectMcpServers":false,"enabledMcpjsonServers":[],"hooks":{},"includeCoAuthoredBy":false,"model":"claude-sonnet-5","permissions":{"defaultMode":"bypassPermissions"}}
  env: CTXLOOM_SESSION_HARP=perky-same-chevy
  cwd: .
minimal/structured/plan/model="":
  argv: --permission-mode plan --disallowedTools Bash,Edit,Write,NotebookEdit --print --output-format json --tools  --disable-slash-commands --no-session-persistence --strict-mcp-config --system-prompt  --settings {"cleanupPeriodDays":0,"enableAllProjectMcpServers":false,"enabledMcpjsonServers":[],"hooks":{},"includeCoAuthoredBy":false,"model":"claude-sonnet-5","permissions":{"defaultMode":"bypassPermissions"}}
  env: CTXLOOM_SESSION_HARP=perky-same-chevy
  cwd: .
minimal/structured/plan/model="claude-opus-5":
  argv: --permission-mode plan --disallowedTools Bash,Edit,Write,NotebookEdit --model claude-opus-5 --print --output-format json --tools  --disable-slash-commands --no-session-persistence --strict-mcp-config --system-prompt  --settings {"cleanupPeriodDays":0,"enableAllProjectMcpServers":false,"enabledMcpjsonServers":[],"hooks":{},"includeCoAuthoredBy":false,"model":"claude-sonnet-5","permissions":{"defaultMode":"bypassPermissions"}}
  env: CTXLOOM_SESSION_HARP=perky-same-chevy
  cwd: .
minimal/structured/bypass/model="":
  argv: --dangerously-skip-permissions --print --output-format json --tools  --disable-slash-commands --no-session-persistence --strict-mcp-config --system-prompt  --settings {"cleanupPeriodDays":0,"enableAllProjectMcpServers":false,"enabledMcpjsonServers":[],"hooks":{},"includeCoAuthoredBy":false,"model":"claude-sonnet-5","permissions":{"defaultMode":"bypassPermissions"}}
  env: CTXLOOM_SESSION_HARP=perky-same-chevy
  cwd: .
minimal/structured/bypass/model="claude-opus-5":
  argv: --dangerously-skip-permissions --model claude-opus-5 --print --output-format json --tools  --disable-slash-commands --no-session-persistence --strict-mcp-config --system-prompt  --settings {"cleanupPeriodDays":0,"enableAllProjectMcpServers":false,"enabledMcpjsonServers":[],"hooks":{},"includeCoAuthoredBy":false,"model":"claude-sonnet-5","permissions":{"defaultMode":"bypassPermissions"}}
  env: CTXLOOM_SESSION_HARP=perky-same-chevy
  cwd: .
minimal/structured/acceptEdits/model="":
  argv: --permission-mode acceptEdits --print --output-format json --tools  --disable-slash-commands --no-session-persistence --strict-mcp-config --system-prompt  --settings {"cleanupPeriodDays":0,"enableAllProjectMcpServers":false,"enabledMcpjsonServers":[],"hooks":{},"includeCoAuthoredBy":false,"model":"claude-sonnet-5","permissions":{"defaultMode":"bypassPermissions"}}
  env: CTXLOOM_SESSION_HARP=perky-same-chevy
  cwd: .
minimal/structured/acceptEdits/model="claude-opus-5":
  argv: --permission-mode acceptEdits --model claude-opus-5 --print --output-format json --tools  --disable-slash-commands --no-session-persistence --strict-mcp-config --system-prompt  --settings {"cleanupPeriodDays":0,"enableAllProjectMcpServers":false,"enabledMcpjsonServers":[],"hooks":{},"includeCoAuthoredBy":false,"model":"claude-sonnet-5","permissions":{"defaultMode":"bypassPermissions"}}
  env: CTXLOOM_SESSION_HARP=perky-same-chevy
  cwd: .
bare/interactive/default/model="":
  argv: --name perky-same-chevy -- reply with PROMPTOK
  env: CTXLOOM_SESSION_HARP=perky-same-chevy
  cwd: .
bare/interactive/default/model="claude-opus-5":
  argv: --model claude-opus-5 --name perky-same-chevy -- reply with PROMPTOK
  env: CTXLOOM_SESSION_HARP=perky-same-chevy
  cwd: .
bare/interactive/plan/model="":
  argv: --permission-mode plan --disallowedTools Bash,Edit,Write,NotebookEdit --name perky-same-chevy -- reply with PROMPTOK
  env: CTXLOOM_SESSION_HARP=perky-same-chevy
  cwd: .
bare/interactive/plan/model="claude-opus-5":
  argv: --permission-mode plan --disallowedTools Bash,Edit,Write,NotebookEdit --model claude-opus-5 --name perky-same-chevy -- reply with PROMPTOK
  env: CTXLOOM_SESSION_HARP=perky-same-chevy
  cwd: .
bare/interactive/bypass/model="":
  argv: --dangerously-skip-permissions --name perky-same-chevy -- reply with PROMPTOK
  env: CTXLOOM_SESSION_HARP=perky-same-chevy
  cwd: .
bare/interactive/bypass/model="claude-opus-5":
  argv: --dangerously-skip-permissions --model claude-opus-5 --name perky-same-chevy -- reply with PROMPTOK
  env: CTXLOOM_SESSION_HARP=perky-same-chevy
  cwd: .
bare/interactive/acceptEdits/model="":
  argv: --permission-mode acceptEdits --name perky-same-chevy -- reply with PROMPTOK
  env: CTXLOOM_SESSION_HARP=perky-same-chevy
  cwd: .
bare/interactive/acceptEdits/model="claude-opus-5":
  argv: --permission-mode acceptEdits --model claude-opus-5 --name perky-same-chevy -- reply with PROMPTOK
  env: CTXLOOM_SESSION_HARP=perky-same-chevy
  cwd: .
bare/structured/default/model="":
  argv: --print
  env: CTXLOOM_SESSION_HARP=perky-same-chevy
  cwd: .
bare/structured/default/model="claude-opus-5":
  argv: --model claude-opus-5 --print
  env: CTXLOOM_SESSION_HARP=perky-same-chevy
  cwd: .
bare/structured/plan/model="":
  argv: --permission-mode plan --disallowedTools Bash,Edit,Write,NotebookEdit --print
  env: CTXLOOM_SESSION_HARP=perky-same-chevy
  cwd: .
bare/structured/plan/model="claude-opus-5":
  argv: --permission-mode plan --disallowedTools Bash,Edit,Write,NotebookEdit --model claude-opus-5 --print
  env: CTXLOOM_SESSION_HARP=perky-same-chevy
  cwd: .
bare/structured/bypass/model="":
  argv: --dangerously-skip-permissions --print
  env: CTXLOOM_SESSION_HARP=perky-same-chevy
  cwd: .
bare/structured/bypass/model="claude-opus-5":
  argv: --dangerously-skip-permissions --model claude-opus-5 --print
  env: CTXLOOM_SESSION_HARP=perky-same-chevy
  cwd: .
bare/structured/acceptEdits/model="":
  argv: --permission-mode acceptEdits --print
  env: CTXLOOM_SESSION_HARP=perky-same-chevy
  cwd: .
bare/structured/acceptEdits/model="claude-opus-5":
  argv: --permission-mode acceptEdits --model claude-opus-5 --print
  env: CTXLOOM_SESSION_HARP=perky-same-chevy
  cwd: .
